{"commitInfo":{"timestamp":1603723993490,"operation":"Manual Update","operationParameters":{},"readVersion":1,"isBlindAppend":true}}
{"add":{"path":"foo","partitionValues":{},"size":1,"modificationTime":1700000000000,"dataChange":true}}
