{"commitInfo":{"timestamp":1603723986119,"operation":"Manual Update","operationParameters":{},"readVersion":6,"isBlindAppend":true}}
{"add":{"path":"7","partitionValues":{},"size":1,"modificationTime":1,"dataChange":true}}
