{"commitInfo":{"timestamp":1603723980484,"operation":"Manual Update","operationParameters":{},"readVersion":0,"isBlindAppend":true}}
{"add":{"path":"1","partitionValues":{},"size":1,"modificationTime":1,"dataChange":true}}
