{"commitInfo":{"timestamp":1603723985117,"operation":"Manual Update","operationParameters":{},"readVersion":5,"isBlindAppend":true}}
{"add":{"path":"6","partitionValues":{},"size":1,"modificationTime":1,"dataChange":true}}
