{"commitInfo":{"timestamp":1603724039052,"operation":"WRITE","operationParameters":{"mode":"ErrorIfExists","partitionBy":"[]"},"isBlindAppend":true}}
{"protocol":{"minReaderVersion":1,"minWriterVersion":2}}
{"metaData":{"id":"38be1738-32ad-448f-9e29-912a7536d4ca","format":{"provider":"parquet","options":{}},"schemaString":"{\"type\":\"struct\",\"fields\":[{\"name\":\"i\",\"type\":\"integer\",\"nullable\":true,\"metadata\":{}},{\"name\":\"3d_int_list\",\"type\":{\"type\":\"array\",\"elementType\":{\"type\":\"array\",\"elementType\":{\"type\":\"array\",\"elementType\":\"integer\",\"containsNull\":true},\"containsNull\":true},\"containsNull\":true},\"nullable\":true,\"metadata\":{}},{\"name\":\"4d_int_list\",\"type\":{\"type\":\"array\",\"elementType\":{\"type\":\"array\",\"elementType\":{\"type\":\"array\",\"elementType\":{\"type\":\"array\",\"elementType\":\"integer\",\"containsNull\":true},\"containsNull\":true},\"containsNull\":true},\"containsNull\":true},\"nullable\":true,\"metadata\":{}},{\"name\":\"list_of_maps\",\"type\":{\"type\":\"array\",\"elementType\":{\"type\":\"map\",\"keyType\":\"string\",\"valueType\":\"long\",\"valueContainsNull\":true},\"containsNull\":true},\"nullable\":true,\"metadata\":{}},{\"name\":\"list_of_records\",\"type\":{\"type\":\"array\",\"elementType\":{\"type\":\"struct\",\"fields\":[{\"name\":\"val\",\"type\":\"integer\",\"nullable\":true,\"metadata\":{}}]},\"containsNull\":true},\"nullable\":true,\"metadata\":{}}]}","partitionColumns":[],"configuration":{},"createdTime":1603724038935}}
{"add":{"path":"part-00000-a7d58b1a-7743-4bb0-b208-438bbe179c93-c000.snappy.parquet","partitionValues":{},"size":2830,"modificationTime":1603724039000,"dataChange":true}}
{"add":{"path":"part-00001-7b211746-0a31-4e77-9822-b0985158cd66-c000.snappy.parquet","partitionValues":{},"size":2832,"modificationTime":1603724039000,"dataChange":true}}
