{"protocol":{"minReaderVersion":1,"minWriterVersion":2}}
{"metaData":{"id":"6b8e62a0-dd56-4453-b00b-9f9669076189","format":{"provider":"parquet","options":{}},"partitionColumns":[],"configuration":{},"createdTime":1603723991085}}
{"add":{"path":"/some/unqualified/absolute/path","partitionValues":{},"size":100,"modificationTime":10,"dataChange":true}}
