{"remove":{"path":"file:///some/unqualified/absolute/path","deletionTimestamp":200,"dataChange":false}}
