{"metaData":{"id":"1e83e8f7-a90f-4477-b565-6c42cbeed3fc","format":{"provider":"parquet","options":{}},"partitionColumns":[],"configuration":{},"createdTime":1603723996984}}
{"add":{"path":"abc","partitionValues":{},"size":1,"modificationTime":1,"dataChange":true}}
