{"protocol":{"minReaderVersion":1,"minWriterVersion":2}}
{"metaData":{"id":"b2facba1-1669-43f3-9b1d-7580c207873e","format":{"provider":"parquet","options":{}},"partitionColumns":[],"configuration":{},"createdTime":1603723991525}}
{"add":{"path":"/some/unqualified/with%20space/p@%23h","partitionValues":{},"size":100,"modificationTime":10,"dataChange":true}}
