{"protocol":{"minReaderVersion":99,"minWriterVersion":2}}
{"metaData":{"id":"0466c2dc-47ea-4ee0-a987-b7f8a4c6f3b0","format":{"provider":"parquet","options":{}},"partitionColumns":[],"configuration":{},"createdTime":1603724018386}}
{"add":{"path":"abc","partitionValues":{},"size":1,"modificationTime":1,"dataChange":true}}
