{"commitInfo":{"timestamp":1603724000137,"operation":"Manual Update","operationParameters":{},"readVersion":3,"isBlindAppend":true}}
{"add":{"path":"4","partitionValues":{},"size":1,"modificationTime":1,"dataChange":true}}
