{"commitInfo":{"timestamp":1603724000823,"operation":"Manual Update","operationParameters":{},"readVersion":4,"isBlindAppend":true}}
{"add":{"path":"5","partitionValues":{},"size":1,"modificationTime":1,"dataChange":true}}
