{"commitInfo":{"timestamp":1603724003208,"operation":"Manual Update","operationParameters":{},"readVersion":7,"isBlindAppend":true}}
{"add":{"path":"8","partitionValues":{},"size":1,"modificationTime":1,"dataChange":true}}
