{"commitInfo":{"timestamp":1603724016018,"operation":"Manual Update","operationParameters":{},"readVersion":9,"isBlindAppend":true}}
{"add":{"path":"10","partitionValues":{},"size":1,"modificationTime":1,"dataChange":true}}
