{"commitInfo":{"timestamp":1603723960676,"operation":"Manual Update","operationParameters":{},"readVersion":7,"isBlindAppend":false}}
{"remove":{"path":"8","deletionTimestamp":1603723960676,"dataChange":true}}
{"add":{"path":"9","partitionValues":{},"size":1,"modificationTime":1,"dataChange":true}}
