{"commitInfo":{"timestamp":1603723961631,"operation":"Manual Update","operationParameters":{},"readVersion":8,"isBlindAppend":false}}
{"remove":{"path":"9","deletionTimestamp":1603723961631,"dataChange":true}}
{"add":{"path":"10","partitionValues":{},"size":1,"modificationTime":1,"dataChange":true}}
