{"commitInfo":{"timestamp":1603723966458,"operation":"Manual Update","operationParameters":{},"readVersion":13,"isBlindAppend":false}}
{"remove":{"path":"14","deletionTimestamp":1603723966457,"dataChange":true}}
{"add":{"path":"15","partitionValues":{},"size":1,"modificationTime":1,"dataChange":true}}
