{"commitInfo":{"timestamp":1603723965346,"operation":"Manual Update","operationParameters":{},"readVersion":11,"isBlindAppend":false}}
{"remove":{"path":"12","deletionTimestamp":1603723965346,"dataChange":true}}
{"add":{"path":"13","partitionValues":{},"size":1,"modificationTime":1,"dataChange":true}}
