{"commitInfo":{"timestamp":1603723959765,"operation":"Manual Update","operationParameters":{},"readVersion":6,"isBlindAppend":false}}
{"remove":{"path":"7","deletionTimestamp":1603723959765,"dataChange":true}}
{"add":{"path":"8","partitionValues":{},"size":1,"modificationTime":1,"dataChange":true}}
