{"commitInfo":{"timestamp":1603723962638,"operation":"Manual Update","operationParameters":{},"readVersion":9,"isBlindAppend":false}}
{"remove":{"path":"10","deletionTimestamp":1603723962638,"dataChange":true}}
{"add":{"path":"11","partitionValues":{},"size":1,"modificationTime":1,"dataChange":true}}
