{"remove":{"path":"file:///some/unqualified/with%20space/p@%23h","deletionTimestamp":200,"dataChange":false}}
